03:00:06.779 Cookie “” has been rejected as third-party. ghcc.min.js
03:00:06.779 Cookie “” has been rejected as third-party. ms.analytics-web-4.js
03:00:06.779 Cookie “” has been rejected as third-party. highlight.min.js
03:00:06.779 Cookie “” has been rejected as third-party. e-202604.js
03:00:06.784 Request to access cookie or storage on “<URL>” was blocked because we are blocking all third-party storage access requests and Enhanced Tracking Protection is enabled. 7
03:00:06.784 Cookie “” has been rejected as third-party. 27e65cc2-614d-414a-9b82-37aa845b79f1
03:00:06.830 Cookie “” has been rejected as third-party. collect
03:00:06.830 Cookie “” has been rejected as third-party. g.gif
03:00:06.835 Cookie “” has been rejected as third-party. 1f50d.svg
03:00:06.836 Cookie “” has been rejected as third-party. 1f4c1.svg
03:00:06.836 Cookie “” has been rejected as third-party. 1f680.svg
03:00:06.836 Cookie “” has been rejected as third-party. 1f527.svg
03:00:06.837 Cookie “” has been rejected as third-party. 1f9ea.svg
03:00:06.837 Cookie “” has been rejected as third-party. 2764.svg
03:00:07.225 Cookie “_gh_sess=uXDDlWvIzeQkpEqw5bjm1mQCUrDTupIBQSsTvl7PRk46TFrpeiq68kgQf3nRApUkNgU2nagu1HmEuN1Wc33RX56IUBjOxUy%2BE3Xgvq%2FpQWkCxo9C9wGp6Uqqb13aWZT2%2Ft7Wgc9pkRrjV8j0Xd8S9VekMzcjgXWcoGV4rI94tB6MOoZRn3ZdJdbQG4ZIyYMMNVdYbPmRR9Uf0gq73HNbSxlKemm1iFcsOMnlf54VQZzvU0YkfJa%2B4Vf9wj1yELjGmY%2FmpSTzRqzPb0mirOiw0g%3D%3D--BleByAg2MUhLi0kT--xPJ%2B6JYpaISXmei9YCEMkA%3D%3D; Path=/; HttpOnly; Secure; SameSite=Lax” has been rejected as third-party. 27e65cc2-614d-414a-9b82-37aa845b79f1
03:00:07.225 Cookie “_octo=GH1.1.573069242.1769162407; Path=/; Domain=github.com; Expires=Sat, 23 Jan 2027 10:00:07 GMT; Secure; SameSite=Lax” has been rejected as third-party. 27e65cc2-614d-414a-9b82-37aa845b79f1
03:00:07.225 Cookie “logged_in=no; Path=/; Domain=github.com; Expires=Sat, 23 Jan 2027 10:00:07 GMT; HttpOnly; Secure; SameSite=Lax” has been rejected as third-party. 27e65cc2-614d-414a-9b82-37aa845b79f1
03:00:07.229 Cookie “” has been rejected as third-party. 525513869-27e65cc2-614d-414a-9b82-37aa845b79f1.png
03:00:07.440 Cookie “” has been rejected as third-party. favicon.ico
03:00:07.504 Cross-Origin Request Blocked: The Same Origin Policy disallows reading the remote resource at https://js-agent.newrelic.com/nr-rum-1.308.0.min.js. (Reason: CORS request did not succeed). Status code: (null).
03:00:07.504 The resource at “<URL>” was blocked because Enhanced Tracking Protection is enabled. 2
03:00:07.504 None of the “sha512” hashes in the integrity attribute match the content of the subresource at “https://js-agent.newrelic.com/nr-rum-1.308.0.min.js”. The computed hash is “z4PhNX7vuL3xVChQ1m2AB9Yg5AULVxXcg/SpIdNs6c5H0NE8XYXysP+DGNKHfuwvY7kxvUdBeoGlODJ6+SfaPg==”. 2025-12-11-review-commit-by-commit-improved-filtering-and-more-in-the-pull-request-files-changed-public-preview
03:00:07.504 New Relic Warning: https://github.com/newrelic/newrelic-browser-agent/blob/main/docs/warning-codes.md#20 ChunkLoadError: Loading chunk 296 failed: (error: https://js-agent.newrelic.com/nr-rum-1.308.0.min.js)
    j https://github.blog/changelog/2025-12-11-review-commit-by-commit-improved-filtering-and-more-in-the-pull-request-files-changed-public-preview/:5
    e https://github.blog/changelog/2025-12-11-review-commit-by-commit-improved-filtering-and-more-in-the-pull-request-files-changed-public-preview/:5
    e https://github.blog/changelog/2025-12-11-review-commit-by-commit-improved-filtering-and-more-in-the-pull-request-files-changed-public-preview/:5
    n https://github.blog/changelog/2025-12-11-review-commit-by-commit-improved-filtering-and-more-in-the-pull-request-files-changed-public-preview/:5
2025-12-11-review-commit-by-commit-improved-filtering-and-more-in-the-pull-request-files-changed-public-preview:5:6967
03:00:07.505 New Relic Warning: https://github.com/newrelic/newrelic-browser-agent/blob/main/docs/warning-codes.md#20 ChunkLoadError: Loading chunk 296 failed: (error: https://js-agent.newrelic.com/nr-rum-1.308.0.min.js)
    j https://github.blog/changelog/2025-12-11-review-commit-by-commit-improved-filtering-and-more-in-the-pull-request-files-changed-public-preview/:5
    e https://github.blog/changelog/2025-12-11-review-commit-by-commit-improved-filtering-and-more-in-the-pull-request-files-changed-public-preview/:5
    e https://github.blog/changelog/2025-12-11-review-commit-by-commit-improved-filtering-and-more-in-the-pull-request-files-changed-public-preview/:5
    n https://github.blog/changelog/2025-12-11-review-commit-by-commit-improved-filtering-and-more-in-the-pull-request-files-changed-public-preview/:5
2025-12-11-review-commit-by-commit-improved-filtering-and-more-in-the-pull-request-files-changed-public-preview:5:6967
03:00:07.505 New Relic Warning: https://github.com/newrelic/newrelic-browser-agent/blob/main/docs/warning-codes.md#20 ChunkLoadError: Loading chunk 296 failed: (error: https://js-agent.newrelic.com/nr-rum-1.308.0.min.js)
    j https://github.blog/changelog/2025-12-11-review-commit-by-commit-improved-filtering-and-more-in-the-pull-request-files-changed-public-preview/:5
    e https://github.blog/changelog/2025-12-11-review-commit-by-commit-improved-filtering-and-more-in-the-pull-request-files-changed-public-preview/:5
    e https://github.blog/changelog/2025-12-11-review-commit-by-commit-improved-filtering-and-more-in-the-pull-request-files-changed-public-preview/:5
    n https://github.blog/changelog/2025-12-11-review-commit-by-commit-improved-filtering-and-more-in-the-pull-request-files-changed-public-preview/:5
2025-12-11-review-commit-by-commit-improved-filtering-and-more-in-the-pull-request-files-changed-public-preview:5:6967
03:00:07.506 Cross-Origin Request Blocked: The Same Origin Policy disallows reading the remote resource at https://js-agent.newrelic.com/nr-rum-1.308.0.min.js. (Reason: CORS request did not succeed). Status code: (null).
03:00:07.506 None of the “sha512” hashes in the integrity attribute match the content of the subresource at “https://js-agent.newrelic.com/nr-rum-1.308.0.min.js”. The computed hash is “z4PhNX7vuL3xVChQ1m2AB9Yg5AULVxXcg/SpIdNs6c5H0NE8XYXysP+DGNKHfuwvY7kxvUdBeoGlODJ6+SfaPg==”. 2025-12-11-review-commit-by-commit-improved-filtering-and-more-in-the-pull-request-files-changed-public-preview
03:00:07.506 New Relic Warning: https://github.com/newrelic/newrelic-browser-agent/blob/main/docs/warning-codes.md#34 ChunkLoadError: Loading chunk 296 failed: (error: https://js-agent.newrelic.com/nr-rum-1.308.0.min.js)
    j https://github.blog/changelog/2025-12-11-review-commit-by-commit-improved-filtering-and-more-in-the-pull-request-files-changed-public-preview/:5
    e https://github.blog/changelog/2025-12-11-review-commit-by-commit-improved-filtering-and-more-in-the-pull-request-files-changed-public-preview/:5
    e https://github.blog/changelog/2025-12-11-review-commit-by-commit-improved-filtering-and-more-in-the-pull-request-files-changed-public-preview/:5
    R https://github.blog/changelog/2025-12-11-review-commit-by-commit-improved-filtering-and-more-in-the-pull-request-files-changed-public-preview/:5
    n https://github.blog/changelog/2025-12-11-review-commit-by-commit-improved-filtering-and-more-in-the-pull-request-files-changed-public-preview/:5
2025-12-11-review-commit-by-commit-improved-filtering-and-more-in-the-pull-request-files-changed-public-preview:5:6967
03:00:07.506 New Relic Warning: https://github.com/newrelic/newrelic-browser-agent/blob/main/docs/warning-codes.md#34 ChunkLoadError: Loading chunk 296 failed: (error: https://js-agent.newrelic.com/nr-rum-1.308.0.min.js)
    j https://github.blog/changelog/2025-12-11-review-commit-by-commit-improved-filtering-and-more-in-the-pull-request-files-changed-public-preview/:5
    e https://github.blog/changelog/2025-12-11-review-commit-by-commit-improved-filtering-and-more-in-the-pull-request-files-changed-public-preview/:5
    e https://github.blog/changelog/2025-12-11-review-commit-by-commit-improved-filtering-and-more-in-the-pull-request-files-changed-public-preview/:5
    R https://github.blog/changelog/2025-12-11-review-commit-by-commit-improved-filtering-and-more-in-the-pull-request-files-changed-public-preview/:5
    n https://github.blog/changelog/2025-12-11-review-commit-by-commit-improved-filtering-and-more-in-the-pull-request-files-changed-public-preview/:5
2025-12-11-review-commit-by-commit-improved-filtering-and-more-in-the-pull-request-files-changed-public-preview:5:6967
03:00:07.506 New Relic Warning: https://github.com/newrelic/newrelic-browser-agent/blob/main/docs/warning-codes.md#34 ChunkLoadError: Loading chunk 296 failed: (error: https://js-agent.newrelic.com/nr-rum-1.308.0.min.js)
    j https://github.blog/changelog/2025-12-11-review-commit-by-commit-improved-filtering-and-more-in-the-pull-request-files-changed-public-preview/:5
    e https://github.blog/changelog/2025-12-11-review-commit-by-commit-improved-filtering-and-more-in-the-pull-request-files-changed-public-preview/:5
    e https://github.blog/changelog/2025-12-11-review-commit-by-commit-improved-filtering-and-more-in-the-pull-request-files-changed-public-preview/:5
    R https://github.blog/changelog/2025-12-11-review-commit-by-commit-improved-filtering-and-more-in-the-pull-request-files-changed-public-preview/:5
    n https://github.blog/changelog/2025-12-11-review-commit-by-commit-improved-filtering-and-more-in-the-pull-request-files-changed-public-preview/:5
2025-12-11-review-commit-by-commit-improved-filtering-and-more-in-the-pull-request-files-changed-public-preview:5:6967
03:00:09.598 Cookie “” has been rejected as third-party. 9e894002-0157-4dc0-ad64-e26ada7a017a
03:00:09.754 Cookie “_gh_sess=5ZnzL57xk6x2WOIfSOHhiSMhVEjU2IwQUui5m1j1csbv2rJ9ZbcoX4PV3UBrRtCkWUnXI2ReAOBML4g8zn2zo1dAv7OOTJpJWqu7gpmaxgGslpAc0PFBBfmkZWh7PCOmW1dws%2BSzaVhKktoG%2F9x7Ef301hhAwlOaXuZbqptjgIGUY0IhWejlqMPTcfxh9FXkA8D%2BUSiHj%2BF1s6nFRxIfPIHHHp3xF7bnIEltqe%2BLyMhiejdkwRSmZrgGJibQCT9IGVFxAWS1rXvEjGt5O2Erdw%3D%3D--dQjt9OEn43pdtr93--dIyDAl4JxWBUSkCd4mvvZw%3D%3D; Path=/; HttpOnly; Secure; SameSite=Lax” has been rejected as third-party. 9e894002-0157-4dc0-ad64-e26ada7a017a
03:00:09.754 Cookie “_octo=GH1.1.610445254.1769162410; Path=/; Domain=github.com; Expires=Sat, 23 Jan 2027 10:00:10 GMT; Secure; SameSite=Lax” has been rejected as third-party. 9e894002-0157-4dc0-ad64-e26ada7a017a
03:00:09.754 Cookie “logged_in=no; Path=/; Domain=github.com; Expires=Sat, 23 Jan 2027 10:00:10 GMT; HttpOnly; Secure; SameSite=Lax” has been rejected as third-party. 9e894002-0157-4dc0-ad64-e26ada7a017a
03:00:09.757 Cookie “” has been rejected as third-party. 525527089-9e894002-0157-4dc0-ad64-e26ada7a017a.png
03:00:17.055 The resource at “https://github.blog/wp-content/themes/github-2021/dist/fonts/mona-sans.woff2” preloaded with link preload was not used within a few seconds. Make sure all attributes of the preload tag are set correctly. 2025-12-11-review-commit-by-commit-improved-filtering-and-more-in-the-pull-request-files-changed-public-preview
03:00:17.056 The resource at “https://github.blog/wp-content/themes/github-2021/dist/fonts/MonaspaceNeon-Regular.woff2” preloaded with link preload was not used within a few seconds. Make sure all attributes of the preload tag are set correctly. 2025-12-11-review-commit-by-commit-improved-filtering-and-more-in-the-pull-request-files-changed-public-preview
03:03:12.598 Cookie “” has been rejected as third-party. default.min.css
03:03:12.689 Cookie “” has been rejected as third-party. atom-one-dark.min.css
03:03:12.742 Unknown property ‘-moz-osx-font-smoothing’.  Declaration dropped. _static:1:190215
03:03:12.744 Error in parsing value for ‘-webkit-text-size-adjust’.  Declaration dropped. _static:1:356579
03:03:12.745 Unknown pseudo-class or pseudo-element ‘-ms-expand’.  Ruleset ignored due to bad selector. _static:1:391554
03:03:12.749 Error in parsing value for ‘max-width’.  Declaration dropped. _static:1:635473
03:03:12.750 Unknown property ‘-moz-osx-font-smoothing’.  Declaration dropped. _static:1:696465
03:03:12.751 Unknown property ‘-moz-osx-font-smoothing’.  Declaration dropped. _static:1:769781
03:03:12.751 Unknown property ‘-moz-osx-font-smoothing’.  Declaration dropped. _static:1:778979
03:03:12.751 Error in parsing value for ‘flex-direction’.  Declaration dropped. _static:1:814289
03:03:12.766 GET
https://github.blog/wp-content/themes/github-2021-child/assets/img/grid-top.svg
[HTTP/1.1 200 OK 0ms]

03:08:59.797
scroll { target: HTMLDocument https://github.blog/changelog/2025-12-11-review-commit-by-commit-improved-filtering-and-more-in-the-pull-request-files-changed-public-preview/, isTrusted: true, view: Window, detail: 0, layerX: 0, layerY: 0, which: 0, rangeOffset: 0, SCROLL_PAGE_UP: -32768, SCROLL_PAGE_DOWN: 32768, … }
_static:2:12541
03:08:59.799
scroll { target: HTMLDocument https://github.blog/changelog/2025-12-11-review-commit-by-commit-improved-filtering-and-more-in-the-pull-request-files-changed-public-preview/, isTrusted: true, view: Window, detail: 0, layerX: 0, layerY: 0, which: 0, rangeOffset: 0, SCROLL_PAGE_UP: -32768, SCROLL_PAGE_DOWN: 32768, … }
_static:2:12583
03:08:59.799
scroll { target: HTMLDocument https://github.blog/changelog/2025-12-11-review-commit-by-commit-improved-filtering-and-more-in-the-pull-request-files-changed-public-preview/, isTrusted: true, view: Window, detail: 0, layerX: 0, layerY: 0, which: 0, rangeOffset: 0, SCROLL_PAGE_UP: -32768, SCROLL_PAGE_DOWN: 32768, … }
site-script.js:2:7714
03:08:59.800
scroll { target: HTMLDocument https://github.blog/changelog/2025-12-11-review-commit-by-commit-improved-filtering-and-more-in-the-pull-request-files-changed-public-preview/, isTrusted: true, view: Window, detail: 0, layerX: 0, layerY: 0, which: 0, rangeOffset: 0, SCROLL_PAGE_UP: -32768, SCROLL_PAGE_DOWN: 32768, … }
site-script.js:2:7735
03:08:59.800 533750.44 _static:2:12648
03:08:59.800 533750.44 site-script.js:2:7487
03:08:59.814
scroll { target: HTMLDocument https://github.blog/changelog/2025-12-11-review-commit-by-commit-improved-filtering-and-more-in-the-pull-request-files-changed-public-preview/, isTrusted: true, view: Window, detail: 0, layerX: 0, layerY: 0, which: 0, rangeOffset: 0, SCROLL_PAGE_UP: -32768, SCROLL_PAGE_DOWN: 32768, … }
_static:2:12541
03:08:59.814
scroll { target: HTMLDocument https://github.blog/changelog/2025-12-11-review-commit-by-commit-improved-filtering-and-more-in-the-pull-request-files-changed-public-preview/, isTrusted: true, view: Window, detail: 0, layerX: 0, layerY: 0, which: 0, rangeOffset: 0, SCROLL_PAGE_UP: -32768, SCROLL_PAGE_DOWN: 32768, … }
_static:2:12583
03:08:59.814
scroll { target: HTMLDocument https://github.blog/changelog/2025-12-11-review-commit-by-commit-improved-filtering-and-more-in-the-pull-request-files-changed-public-preview/, isTrusted: true, view: Window, detail: 0, layerX: 0, layerY: 0, which: 0, rangeOffset: 0, SCROLL_PAGE_UP: -32768, SCROLL_PAGE_DOWN: 32768, … }
site-script.js:2:7714
03:08:59.815
scroll { target: HTMLDocument https://github.blog/changelog/2025-12-11-review-commit-by-commit-improved-filtering-and-more-in-the-pull-request-files-changed-public-preview/, isTrusted: true, view: Window, detail: 0, layerX: 0, layerY: 0, which: 0, rangeOffset: 0, SCROLL_PAGE_UP: -32768, SCROLL_PAGE_DOWN: 32768, … }
site-script.js:2:7735
03:08:59.815 533767.1 _static:2:12648
03:08:59.815 533767.1 site-script.js:2:7487
03:08:59.830
scroll { target: HTMLDocument https://github.blog/changelog/2025-12-11-review-commit-by-commit-improved-filtering-and-more-in-the-pull-request-files-changed-public-preview/, isTrusted: true, view: Window, detail: 0, layerX: 0, layerY: 0, which: 0, rangeOffset: 0, SCROLL_PAGE_UP: -32768, SCROLL_PAGE_DOWN: 32768, … }
_static:2:12541
03:08:59.830
scroll { target: HTMLDocument https://github.blog/changelog/2025-12-11-review-commit-by-commit-improved-filtering-and-more-in-the-pull-request-files-changed-public-preview/, isTrusted: true, view: Window, detail: 0, layerX: 0, layerY: 0, which: 0, rangeOffset: 0, SCROLL_PAGE_UP: -32768, SCROLL_PAGE_DOWN: 32768, … }
_static:2:12583
03:08:59.831
scroll { target: HTMLDocument https://github.blog/changelog/2025-12-11-review-commit-by-commit-improved-filtering-and-more-in-the-pull-request-files-changed-public-preview/, isTrusted: true, view: Window, detail: 0, layerX: 0, layerY: 0, which: 0, rangeOffset: 0, SCROLL_PAGE_UP: -32768, SCROLL_PAGE_DOWN: 32768, … }
site-script.js:2:7714
03:08:59.831
scroll { target: HTMLDocument https://github.blog/changelog/2025-12-11-review-commit-by-commit-improved-filtering-and-more-in-the-pull-request-files-changed-public-preview/, isTrusted: true, view: Window, detail: 0, layerX: 0, layerY: 0, which: 0, rangeOffset: 0, SCROLL_PAGE_UP: -32768, SCROLL_PAGE_DOWN: 32768, … }
site-script.js:2:7735
03:08:59.831 533783.76 _static:2:12648
03:08:59.831 533783.76 site-script.js:2:7487
